// Jest Snapshot v1, https://goo.gl/fbAQLP

exports[`CellLabel should default render 1`] = `
<coral.themeprovider>
  <coral.tag.information id="25">
    my label
  </coral.tag.information>
</coral.themeprovider>
`;
