// Jest Snapshot v1, https://goo.gl/fbAQLP

exports[`SimpleCheckBox field should render disabled input 1`] = `
<Checkbox
  aria-describedby="myForm-description myForm-error"
  aria-invalid={true}
  autoFocus={true}
  checked={true}
  className="checkbox"
  data-checked={2}
  id="myForm"
  label="My checkbox custom label"
  onChange={[Function]}
/>
`;

exports[`SimpleCheckBox field should render input 1`] = `
<Checkbox
  aria-describedby="myForm-description myForm-error"
  aria-invalid={true}
  autoFocus={true}
  checked={true}
  className="checkbox"
  data-checked={2}
  id="myForm"
  label="My checkbox custom label"
  onChange={[Function]}
/>
`;
